// Jest Snapshot v1, https://goo.gl/fbAQLP

exports[`Test Calculator component should renders Calculator component 1`] = `
<div
  className="calculator"
>
  <h1
    className="calculator-title"
  >
    Lets do some math
  </h1>
  <div
    className="screen"
  />
  <div
    className="pad"
  >
    <div
      className="all_clear"
      onClick={[Function]}
      role="presentation"
    >
      AC
    </div>
    <div
      className="plus_neg"
      onClick={[Function]}
      role="presentation"
    >
      +/-
    </div>
    <div
      className="modular"
      onClick={[Function]}
      role="presentation"
    >
      %
    </div>
    <div
      className="operation divide"
      onClick={[Function]}
      role="presentation"
    >
      /
    </div>
    <div
      className="seven"
      onClick={[Function]}
      role="presentation"
    >
      7
    </div>
    <div
      className="eight"
      onClick={[Function]}
      role="presentation"
    >
      8
    </div>
    <div
      className="nine"
      onClick={[Function]}
      role="presentation"
    >
      9
    </div>
    <div
      className="operation multiply"
      onClick={[Function]}
      role="presentation"
    >
      x
    </div>
    <div
      className="four"
      onClick={[Function]}
      role="presentation"
    >
      4
    </div>
    <div
      className="five"
      onClick={[Function]}
      role="presentation"
    >
      5
    </div>
    <div
      className="six"
      onClick={[Function]}
      role="presentation"
    >
      6
    </div>
    <div
      className="operation substract"
      onClick={[Function]}
      role="presentation"
    >
      -
    </div>
    <div
      className="one"
      onClick={[Function]}
      role="presentation"
    >
      1
    </div>
    <div
      className="two"
      onClick={[Function]}
      role="presentation"
    >
      2
    </div>
    <div
      className="three"
      onClick={[Function]}
      role="presentation"
    >
      3
    </div>
    <div
      className="operation add"
      onClick={[Function]}
      role="presentation"
    >
      +
    </div>
    <div
      className="zero"
      onClick={[Function]}
      role="presentation"
    >
      0
    </div>
    <div
      className="point"
      onClick={[Function]}
      role="presentation"
    >
      .
    </div>
    <div
      className="operation equal"
      onClick={[Function]}
      role="presentation"
    >
      =
    </div>
  </div>
</div>
`;
