// Jest Snapshot v1, https://goo.gl/fbAQLP

exports[`Test Home component should renders Home component 1`] = `
<div
  className="home"
>
  <h1
    className="home-title"
  >
    Welcome to Math Magicians
  </h1>
  <article
    className="home-message"
  >
    <p>
      Lorem ipsum dolor sit amet consectetur adipisicing elit. Unde nemo libero ipsa beatae! Architecto eos, tempore, eveniet velit eius totam provident voluptates aspernatur labore dolorem, facere harum quibusdam deleniti saepe.
    </p>
    <p>
      Lorem ipsum dolor sit amet consectetur adipisicing elit. Unde nemo libero ipsa beatae! Architecto eos, tempore, eveniet velit eius totam provident voluptates aspernatur labore dolorem, facere harum quibusdam deleniti saepe.
    </p>
    <p>
      Lorem ipsum dolor sit amet consectetur adipisicing elit. Unde nemo libero ipsa beatae! Architecto eos, tempore, eveniet velit eius totam provident voluptates aspernatur labore dolorem, facere harum quibusdam deleniti saepe.
    </p>
  </article>
</div>
`;
